// Vitest Snapshot v1, https://vitest.dev/guide/snapshot.html

exports[`query 'mysql' 1`] = `
[
  {
    "id": "generated-cuid",
    "name": "fuma",
  },
]
`;

exports[`query 'postgresql' 1`] = `
[
  {
    "id": "generated-cuid",
    "name": "fuma",
  },
]
`;

exports[`query 'sqlite' 1`] = `
[
  {
    "id": "generated-cuid",
    "name": "fuma",
  },
]
`;
